ganesh-adversarial-network:1718878:1718878 [0] NCCL INFO AllGather: opCount 0 sendbuff 0x767d80000000 recvbuff 0x767d80000000 count 19397952 datatype 7 op 0 root 0 comm 0x1e9e8b70 [nranks=4] stream 0x21f265c0
ganesh-adversarial-network:1718878:1718878 [0] NCCL INFO misc/utils.cc:233 memory stack hunk malloc(65536)
ganesh-adversarial-network:1718879:1718879 [1] NCCL INFO AllGather: opCount 0 sendbuff 0x7718189ff500 recvbuff 0x771814000000 count 19397952 datatype 7 op 0 root 0 comm 0x44ac7a70 [nranks=4] stream 0x47b95cd0
ganesh-adversarial-network:1718879:1718879 [1] NCCL INFO misc/utils.cc:233 memory stack hunk malloc(65536)
ganesh-adversarial-network:1718881:1718881 [3] NCCL INFO AllGather: opCount 0 sendbuff 0x759bb1dfdf00 recvbuff 0x759ba4000000 count 19397952 datatype 7 op 0 root 0 comm 0x224c6ea0 [nranks=4] stream 0x2578e560
ganesh-adversarial-network:1718881:1718881 [3] NCCL INFO misc/utils.cc:233 memory stack hunk malloc(65536)
ganesh-adversarial-network:1718880:1718880 [2] NCCL INFO AllGather: opCount 0 sendbuff 0x7c7cfd3fea00 recvbuff 0x7c7cf4000000 count 19397952 datatype 7 op 0 root 0 comm 0x3fc4c590 [nranks=4] stream 0x42d1a630
ganesh-adversarial-network:1718880:1718880 [2] NCCL INFO misc/utils.cc:233 memory stack hunk malloc(65536)
ganesh-adversarial-network:1718879:1719042 [1] NCCL INFO Mem Realloc old size 0, new size 8 pointer 0x77182c077230
ganesh-adversarial-network:1718879:1719042 [1] NCCL INFO New proxy recv connection 0 from local rank 1, transport 1
ganesh-adversarial-network:1718879:1719042 [1] NCCL INFO proxyProgressAsync opId=0x7718569de710 op.type=1 op.reqBuff=0x77182c00cb30 op.respSize=16 done
ganesh-adversarial-network:1718879:1719048 [1] NCCL INFO ncclPollProxyResponse Received new opId=0x7718569de710
ganesh-adversarial-network:1718879:1719048 [1] NCCL INFO resp.opId=0x7718569de710 matches expected opId=0x7718569de710
ganesh-adversarial-network:1718879:1719042 [1] NCCL INFO Received and initiated operation=Init res=0
ganesh-adversarial-network:1718879:1719048 [1] NCCL INFO Connected to proxy localRank 1 -> connection 0x77182c016f30
ganesh-adversarial-network:1718881:1719039 [3] NCCL INFO Mem Realloc old size 0, new size 8 pointer 0x759bc8076ad0
ganesh-adversarial-network:1718878:1719041 [0] NCCL INFO Mem Realloc old size 0, new size 8 pointer 0x767d9c077070
ganesh-adversarial-network:1718881:1719039 [3] NCCL INFO New proxy recv connection 0 from local rank 3, transport 1
ganesh-adversarial-network:1718878:1719041 [0] NCCL INFO New proxy recv connection 0 from local rank 0, transport 1
ganesh-adversarial-network:1718881:1719039 [3] NCCL INFO proxyProgressAsync opId=0x759bc69b24b0 op.type=1 op.reqBuff=0x759bc800c5f0 op.respSize=16 done
ganesh-adversarial-network:1718878:1719041 [0] NCCL INFO proxyProgressAsync opId=0x767dc69c7bf0 op.type=1 op.reqBuff=0x767d9c00cbb0 op.respSize=16 done
ganesh-adversarial-network:1718878:1719047 [0] NCCL INFO ncclPollProxyResponse Received new opId=0x767dc69c7bf0
ganesh-adversarial-network:1718880:1719040 [2] NCCL INFO Mem Realloc old size 0, new size 8 pointer 0x7c7d10077070
ganesh-adversarial-network:1718881:1719049 [3] NCCL INFO ncclPollProxyResponse Received new opId=0x759bc69b24b0
ganesh-adversarial-network:1718880:1719040 [2] NCCL INFO New proxy recv connection 0 from local rank 2, transport 1
ganesh-adversarial-network:1718878:1719047 [0] NCCL INFO resp.opId=0x767dc69c7bf0 matches expected opId=0x767dc69c7bf0
ganesh-adversarial-network:1718881:1719049 [3] NCCL INFO resp.opId=0x759bc69b24b0 matches expected opId=0x759bc69b24b0
ganesh-adversarial-network:1718880:1719040 [2] NCCL INFO proxyProgressAsync opId=0x7c7d2e9c7bf0 op.type=1 op.reqBuff=0x7c7d1000cb70 op.respSize=16 done
ganesh-adversarial-network:1718878:1719047 [0] NCCL INFO Connected to proxy localRank 0 -> connection 0x767d9c017070
ganesh-adversarial-network:1718881:1719049 [3] NCCL INFO Connected to proxy localRank 3 -> connection 0x759bc8016ab0
ganesh-adversarial-network:1718878:1719041 [0] NCCL INFO Received and initiated operation=Init res=0
ganesh-adversarial-network:1718881:1719039 [3] NCCL INFO Received and initiated operation=Init res=0
ganesh-adversarial-network:1718880:1719050 [2] NCCL INFO ncclPollProxyResponse Received new opId=0x7c7d2e9c7bf0
ganesh-adversarial-network:1718880:1719040 [2] NCCL INFO Received and initiated operation=Init res=0
ganesh-adversarial-network:1718880:1719050 [2] NCCL INFO resp.opId=0x7c7d2e9c7bf0 matches expected opId=0x7c7d2e9c7bf0
ganesh-adversarial-network:1718880:1719050 [2] NCCL INFO Connected to proxy localRank 2 -> connection 0x7c7d10017030

[2025-07-06 11:04:12] ganesh-adversarial-network:1718881:1719039 [3] include/alloc.h:56 NCCL WARN Cuda failure 2 'out of memory'
ganesh-adversarial-network:1718881:1719039 [3] NCCL INFO transport/shm.cc:534 -> 1
ganesh-adversarial-network:1718881:1719039 [3] NCCL INFO transport/shm.cc:491 -> 1
ganesh-adversarial-network:1718881:1719039 [3] NCCL INFO proxyProgressAsync opId=0x759bc69b24b0 op.type=3 op.reqBuff=0x759bc80148a0 op.respSize=112 done
ganesh-adversarial-network:1718881:1719049 [3] NCCL INFO ncclPollProxyResponse Received new opId=0x759bc69b24b0
ganesh-adversarial-network:1718881:1719039 [3] NCCL INFO Received and initiated operation=Setup res=0
ganesh-adversarial-network:1718881:1719049 [3] NCCL INFO resp.opId=0x759bc69b24b0 matches expected opId=0x759bc69b24b0
ganesh-adversarial-network:1718881:1719049 [3] NCCL INFO transport/shm.cc:153 -> 1
ganesh-adversarial-network:1718881:1719049 [3] NCCL INFO transport.cc:35 -> 1
ganesh-adversarial-network:1718881:1719049 [3] NCCL INFO transport.cc:147 -> 1
ganesh-adversarial-network:1718881:1719049 [3] NCCL INFO transport/generic.cc:19 -> 1
ganesh-adversarial-network:1718881:1719049 [3] NCCL INFO group.cc:148 -> 1
ganesh-adversarial-network:1718881:1719049 [3] NCCL INFO group.cc:75 -> 1 [Async thread]
ganesh-adversarial-network:1718881:1718881 [3] NCCL INFO group.cc:460 -> 1
ganesh-adversarial-network:1718881:1718881 [3] NCCL INFO group.cc:581 -> 1
ganesh-adversarial-network:1718881:1718881 [3] NCCL INFO enqueue.cc:2299 -> 1

[2025-07-06 11:04:12] ganesh-adversarial-network:1718880:1719040 [2] include/alloc.h:56 NCCL WARN Cuda failure 2 'out of memory'
ganesh-adversarial-network:1718880:1719040 [2] NCCL INFO transport/shm.cc:534 -> 1
ganesh-adversarial-network:1718880:1719040 [2] NCCL INFO transport/shm.cc:491 -> 1
ganesh-adversarial-network:1718880:1719040 [2] NCCL INFO proxyProgressAsync opId=0x7c7d2e9c7bf0 op.type=3 op.reqBuff=0x7c7d10014e20 op.respSize=112 done
ganesh-adversarial-network:1718880:1719050 [2] NCCL INFO ncclPollProxyResponse Received new opId=0x7c7d2e9c7bf0
ganesh-adversarial-network:1718880:1719040 [2] NCCL INFO Received and initiated operation=Setup res=0
ganesh-adversarial-network:1718880:1719050 [2] NCCL INFO resp.opId=0x7c7d2e9c7bf0 matches expected opId=0x7c7d2e9c7bf0
ganesh-adversarial-network:1718880:1719050 [2] NCCL INFO transport/shm.cc:153 -> 1
ganesh-adversarial-network:1718880:1719050 [2] NCCL INFO transport.cc:35 -> 1
ganesh-adversarial-network:1718880:1719050 [2] NCCL INFO transport.cc:147 -> 1
ganesh-adversarial-network:1718880:1719050 [2] NCCL INFO transport/generic.cc:19 -> 1
ganesh-adversarial-network:1718880:1719050 [2] NCCL INFO group.cc:148 -> 1
ganesh-adversarial-network:1718880:1719050 [2] NCCL INFO group.cc:75 -> 1 [Async thread]
ganesh-adversarial-network:1718880:1718880 [2] NCCL INFO group.cc:460 -> 1
ganesh-adversarial-network:1718880:1718880 [2] NCCL INFO group.cc:581 -> 1
ganesh-adversarial-network:1718880:1718880 [2] NCCL INFO enqueue.cc:2299 -> 1
ganesh-adversarial-network:1718879:1719042 [1] NCCL INFO CUMEM Host Alloc Size 10485760 pointer 0x77182a600000 handle 77182c014e40 numa 0 dev 1 granularity 2097152
ganesh-adversarial-network:1718879:1719042 [1] NCCL INFO CUMEM allocated shareable buffer 0x77182a600000 size 9637888
ganesh-adversarial-network:1718879:1719042 [1] NCCL INFO proxyProgressAsync opId=0x7718569de710 op.type=3 op.reqBuff=0x77182c00b160 op.respSize=112 done
ganesh-adversarial-network:1718879:1719048 [1] NCCL INFO ncclPollProxyResponse Received new opId=0x7718569de710
ganesh-adversarial-network:1718879:1719042 [1] NCCL INFO Received and initiated operation=Setup res=0
ganesh-adversarial-network:1718879:1719048 [1] NCCL INFO resp.opId=0x7718569de710 matches expected opId=0x7718569de710
ganesh-adversarial-network:1718879:1719042 [1] NCCL INFO New proxy recv connection 1 from local rank 1, transport 1
ganesh-adversarial-network:1718879:1719042 [1] NCCL INFO proxyProgressAsync opId=0x7718569de710 op.type=1 op.reqBuff=0x77182c010b50 op.respSize=16 done
ganesh-adversarial-network:1718879:1719048 [1] NCCL INFO ncclPollProxyResponse Received new opId=0x7718569de710
ganesh-adversarial-network:1718879:1719042 [1] NCCL INFO Received and initiated operation=Init res=0
ganesh-adversarial-network:1718879:1719048 [1] NCCL INFO resp.opId=0x7718569de710 matches expected opId=0x7718569de710
ganesh-adversarial-network:1718879:1719048 [1] NCCL INFO Connected to proxy localRank 1 -> connection 0x77182c016fa8
ganesh-adversarial-network:1718878:1719041 [0] NCCL INFO CUMEM Host Alloc Size 10485760 pointer 0x767d96600000 handle 767d9c00e8f0 numa 0 dev 0 granularity 2097152
ganesh-adversarial-network:1718878:1719041 [0] NCCL INFO CUMEM allocated shareable buffer 0x767d96600000 size 9637888
ganesh-adversarial-network:1718878:1719041 [0] NCCL INFO proxyProgressAsync opId=0x767dc69c7bf0 op.type=3 op.reqBuff=0x767d9c014e60 op.respSize=112 done
ganesh-adversarial-network:1718878:1719047 [0] NCCL INFO ncclPollProxyResponse Received new opId=0x767dc69c7bf0
ganesh-adversarial-network:1718878:1719041 [0] NCCL INFO Received and initiated operation=Setup res=0
ganesh-adversarial-network:1718878:1719047 [0] NCCL INFO resp.opId=0x767dc69c7bf0 matches expected opId=0x767dc69c7bf0
ganesh-adversarial-network:1718878:1719041 [0] NCCL INFO New proxy recv connection 1 from local rank 0, transport 1
ganesh-adversarial-network:1718878:1719041 [0] NCCL INFO proxyProgressAsync opId=0x767dc69c7bf0 op.type=1 op.reqBuff=0x767d9c014e60 op.respSize=16 done
ganesh-adversarial-network:1718878:1719047 [0] NCCL INFO ncclPollProxyResponse Received new opId=0x767dc69c7bf0
ganesh-adversarial-network:1718878:1719041 [0] NCCL INFO Received and initiated operation=Init res=0
ganesh-adversarial-network:1718878:1719047 [0] NCCL INFO resp.opId=0x767dc69c7bf0 matches expected opId=0x767dc69c7bf0
ganesh-adversarial-network:1718878:1719047 [0] NCCL INFO Connected to proxy localRank 0 -> connection 0x767d9c0170e8
Dumping memory snapshot at profiling_data/snapshot_3.pkl
Dumping memory snapshot at profiling_data/snapshot_2.pkl
ganesh-adversarial-network:1718878:1719041 [0] NCCL INFO CUMEM Host Alloc Size 10485760 pointer 0x767d97000000 handle 767d9c0167b0 numa 0 dev 0 granularity 2097152
ganesh-adversarial-network:1718878:1719041 [0] NCCL INFO CUMEM allocated shareable buffer 0x767d97000000 size 9637888
ganesh-adversarial-network:1718878:1719041 [0] NCCL INFO proxyProgressAsync opId=0x767dc69c7bf0 op.type=3 op.reqBuff=0x767d9c00e280 op.respSize=112 done
ganesh-adversarial-network:1718879:1719042 [1] NCCL INFO CUMEM Host Alloc Size 10485760 pointer 0x77182b000000 handle 77182c002d30 numa 0 dev 1 granularity 2097152
ganesh-adversarial-network:1718879:1719042 [1] NCCL INFO CUMEM allocated shareable buffer 0x77182b000000 size 9637888
ganesh-adversarial-network:1718879:1719042 [1] NCCL INFO proxyProgressAsync opId=0x7718569de710 op.type=3 op.reqBuff=0x77182c010b50 op.respSize=112 done
ganesh-adversarial-network:1718878:1719047 [0] NCCL INFO ncclPollProxyResponse Received new opId=0x767dc69c7bf0
ganesh-adversarial-network:1718878:1719041 [0] NCCL INFO Received and initiated operation=Setup res=0
ganesh-adversarial-network:1718878:1719047 [0] NCCL INFO resp.opId=0x767dc69c7bf0 matches expected opId=0x767dc69c7bf0
ganesh-adversarial-network:1718879:1719048 [1] NCCL INFO ncclPollProxyResponse Received new opId=0x7718569de710
ganesh-adversarial-network:1718879:1719042 [1] NCCL INFO Received and initiated operation=Setup res=0
ganesh-adversarial-network:1718879:1719048 [1] NCCL INFO resp.opId=0x7718569de710 matches expected opId=0x7718569de710
ganesh-adversarial-network:1718878:1719041 [0] NCCL INFO New proxy send connection 2 from local rank 0, transport 1
ganesh-adversarial-network:1718878:1719041 [0] NCCL INFO proxyProgressAsync opId=0x767dc69c7bf0 op.type=1 op.reqBuff=0x767d9c00e280 op.respSize=16 done
ganesh-adversarial-network:1718878:1719047 [0] NCCL INFO ncclPollProxyResponse Received new opId=0x767dc69c7bf0
ganesh-adversarial-network:1718878:1719041 [0] NCCL INFO Received and initiated operation=Init res=0
ganesh-adversarial-network:1718879:1719042 [1] NCCL INFO New proxy send connection 2 from local rank 1, transport 1
ganesh-adversarial-network:1718878:1719047 [0] NCCL INFO resp.opId=0x767dc69c7bf0 matches expected opId=0x767dc69c7bf0
ganesh-adversarial-network:1718879:1719042 [1] NCCL INFO proxyProgressAsync opId=0x7718569de710 op.type=1 op.reqBuff=0x77182c010b50 op.respSize=16 done
ganesh-adversarial-network:1718878:1719047 [0] NCCL INFO Connected to proxy localRank 0 -> connection 0x767d9c017160
ganesh-adversarial-network:1718879:1719048 [1] NCCL INFO ncclPollProxyResponse Received new opId=0x7718569de710
ganesh-adversarial-network:1718879:1719042 [1] NCCL INFO Received and initiated operation=Init res=0
ganesh-adversarial-network:1718879:1719048 [1] NCCL INFO resp.opId=0x7718569de710 matches expected opId=0x7718569de710
ganesh-adversarial-network:1718879:1719048 [1] NCCL INFO Connected to proxy localRank 1 -> connection 0x77182c017020
ganesh-adversarial-network:1718878:1719041 [0] NCCL INFO CUMEM Host Alloc Size 2097152 pointer 0x767d93800000 handle 767d9c015a90 numa 0 dev 0 granularity 2097152
ganesh-adversarial-network:1718878:1719041 [0] NCCL INFO CUMEM allocated shareable buffer 0x767d93800000 size 4096
ganesh-adversarial-network:1718878:1719041 [0] NCCL INFO proxyProgressAsync opId=0x767dc69c7bf0 op.type=3 op.reqBuff=0x767d9c015f50 op.respSize=112 done
ganesh-adversarial-network:1718879:1719042 [1] NCCL INFO CUMEM Host Alloc Size 2097152 pointer 0x771827800000 handle 77182c00cc10 numa 0 dev 1 granularity 2097152
ganesh-adversarial-network:1718879:1719042 [1] NCCL INFO CUMEM allocated shareable buffer 0x771827800000 size 4096
ganesh-adversarial-network:1718879:1719042 [1] NCCL INFO proxyProgressAsync opId=0x7718569de710 op.type=3 op.reqBuff=0x77182c010b50 op.respSize=112 done
ganesh-adversarial-network:1718878:1719047 [0] NCCL INFO ncclPollProxyResponse Received new opId=0x767dc69c7bf0
ganesh-adversarial-network:1718878:1719041 [0] NCCL INFO Received and initiated operation=Setup res=0
ganesh-adversarial-network:1718879:1719048 [1] NCCL INFO ncclPollProxyResponse Received new opId=0x7718569de710
ganesh-adversarial-network:1718878:1719047 [0] NCCL INFO resp.opId=0x767dc69c7bf0 matches expected opId=0x767dc69c7bf0
ganesh-adversarial-network:1718879:1719042 [1] NCCL INFO Received and initiated operation=Setup res=0
ganesh-adversarial-network:1718878:1719047 [0] NCCL INFO Channel 00 : 0[0] -> 1[1] via SHM/direct/direct
ganesh-adversarial-network:1718879:1719048 [1] NCCL INFO resp.opId=0x7718569de710 matches expected opId=0x7718569de710
ganesh-adversarial-network:1718879:1719048 [1] NCCL INFO Channel 00 : 1[1] -> 2[2] via SHM/direct/direct
ganesh-adversarial-network:1718879:1719042 [1] NCCL INFO New proxy send connection 3 from local rank 1, transport 1
ganesh-adversarial-network:1718879:1719042 [1] NCCL INFO proxyProgressAsync opId=0x7718569de710 op.type=1 op.reqBuff=0x77182c010b50 op.respSize=16 done
ganesh-adversarial-network:1718878:1719041 [0] NCCL INFO New proxy send connection 3 from local rank 0, transport 1
ganesh-adversarial-network:1718878:1719041 [0] NCCL INFO proxyProgressAsync opId=0x767dc69c7bf0 op.type=1 op.reqBuff=0x767d9c015f50 op.respSize=16 done
ganesh-adversarial-network:1718879:1719048 [1] NCCL INFO ncclPollProxyResponse Received new opId=0x7718569de710
ganesh-adversarial-network:1718879:1719042 [1] NCCL INFO Received and initiated operation=Init res=0
ganesh-adversarial-network:1718878:1719047 [0] NCCL INFO ncclPollProxyResponse Received new opId=0x767dc69c7bf0
ganesh-adversarial-network:1718879:1719048 [1] NCCL INFO resp.opId=0x7718569de710 matches expected opId=0x7718569de710
ganesh-adversarial-network:1718878:1719041 [0] NCCL INFO Received and initiated operation=Init res=0
ganesh-adversarial-network:1718879:1719048 [1] NCCL INFO Connected to proxy localRank 1 -> connection 0x77182c017098
ganesh-adversarial-network:1718878:1719047 [0] NCCL INFO resp.opId=0x767dc69c7bf0 matches expected opId=0x767dc69c7bf0
ganesh-adversarial-network:1718878:1719047 [0] NCCL INFO Connected to proxy localRank 0 -> connection 0x767d9c0171d8
ganesh-adversarial-network:1718879:1719042 [1] NCCL INFO CUMEM Host Alloc Size 2097152 pointer 0x771827a00000 handle 77182c01b1e0 numa 0 dev 1 granularity 2097152
ganesh-adversarial-network:1718878:1719041 [0] NCCL INFO CUMEM Host Alloc Size 2097152 pointer 0x767d93a00000 handle 767d9c01b390 numa 0 dev 0 granularity 2097152
ganesh-adversarial-network:1718879:1719042 [1] NCCL INFO CUMEM allocated shareable buffer 0x771827a00000 size 4096
ganesh-adversarial-network:1718878:1719041 [0] NCCL INFO CUMEM allocated shareable buffer 0x767d93a00000 size 4096
ganesh-adversarial-network:1718879:1719042 [1] NCCL INFO proxyProgressAsync opId=0x7718569de710 op.type=3 op.reqBuff=0x77182c01b140 op.respSize=112 done
ganesh-adversarial-network:1718878:1719041 [0] NCCL INFO proxyProgressAsync opId=0x767dc69c7bf0 op.type=3 op.reqBuff=0x767d9c01b370 op.respSize=112 done
ganesh-adversarial-network:1718879:1719048 [1] NCCL INFO ncclPollProxyResponse Received new opId=0x7718569de710
ganesh-adversarial-network:1718878:1719047 [0] NCCL INFO ncclPollProxyResponse Received new opId=0x767dc69c7bf0
ganesh-adversarial-network:1718879:1719042 [1] NCCL INFO Received and initiated operation=Setup res=0
ganesh-adversarial-network:1718878:1719041 [0] NCCL INFO Received and initiated operation=Setup res=0
ganesh-adversarial-network:1718879:1719048 [1] NCCL INFO resp.opId=0x7718569de710 matches expected opId=0x7718569de710
ganesh-adversarial-network:1718879:1719048 [1] NCCL INFO Channel 01 : 1[1] -> 2[2] via SHM/direct/direct
ganesh-adversarial-network:1718878:1719047 [0] NCCL INFO resp.opId=0x767dc69c7bf0 matches expected opId=0x767dc69c7bf0
ganesh-adversarial-network:1718878:1719047 [0] NCCL INFO Channel 01 : 0[0] -> 1[1] via SHM/direct/direct
[rank3]: Traceback (most recent call last):
[rank3]:   File "/home/ganesh/code/pantheon/src/pantheon/gpt2/scripts/train.py", line 63, in <module>
[rank3]:     trainer.train()
[rank3]:   File "/home/ganesh/code/pantheon/src/pantheon/gpt2/instrumentation/trainer.py", line 74, in train
[rank3]:     loss = self.train_step(
[rank3]:            ^^^^^^^^^^^^^^^^
[rank3]:   File "/home/ganesh/code/pantheon/src/pantheon/gpt2/core/train.py", line 47, in train_step
[rank3]:     logits = self.model(tokens)
[rank3]:              ^^^^^^^^^^^^^^^^^^
[rank3]:   File "/home/ganesh/code/pantheon/.venv/lib/python3.12/site-packages/torch/nn/modules/module.py", line 1751, in _wrapped_call_impl
[rank3]:     return self._call_impl(*args, **kwargs)
[rank3]:            ^^^^^^^^^^^^^^^^^^^^^^^^^^^^^^^^
[rank3]:   File "/home/ganesh/code/pantheon/.venv/lib/python3.12/site-packages/torch/nn/modules/module.py", line 1857, in _call_impl
[rank3]:     return inner()
[rank3]:            ^^^^^^^
[rank3]:   File "/home/ganesh/code/pantheon/.venv/lib/python3.12/site-packages/torch/nn/modules/module.py", line 1784, in inner
[rank3]:     args_kwargs_result = hook(self, args, kwargs)  # type: ignore[misc]
[rank3]:                          ^^^^^^^^^^^^^^^^^^^^^^^^
[rank3]:   File "/home/ganesh/code/pantheon/.venv/lib/python3.12/site-packages/torch/distributed/fsdp/_fully_shard/_fsdp_state.py", line 62, in fsdp_hook_wrapper
[rank3]:     return torch._dynamo.disable(func, recursive=True)(*args, **kwargs)
[rank3]:            ^^^^^^^^^^^^^^^^^^^^^^^^^^^^^^^^^^^^^^^^^^^^^^^^^^^^^^^^^^^^
[rank3]:   File "/home/ganesh/code/pantheon/.venv/lib/python3.12/site-packages/torch/_dynamo/eval_frame.py", line 838, in _fn
[rank3]:     return fn(*args, **kwargs)
[rank3]:            ^^^^^^^^^^^^^^^^^^^
[rank3]:   File "/home/ganesh/code/pantheon/.venv/lib/python3.12/site-packages/torch/distributed/fsdp/_fully_shard/_fsdp_state.py", line 230, in _pre_forward
[rank3]:     args, kwargs = self._fsdp_param_group.pre_forward(module, args, kwargs)
[rank3]:                    ^^^^^^^^^^^^^^^^^^^^^^^^^^^^^^^^^^^^^^^^^^^^^^^^^^^^^^^^
[rank3]:   File "/home/ganesh/code/pantheon/.venv/lib/python3.12/site-packages/torch/distributed/fsdp/_fully_shard/_fsdp_param_group.py", line 339, in pre_forward
[rank3]:     self.unshard(self.unshard_async_op)
[rank3]:   File "/home/ganesh/code/pantheon/.venv/lib/python3.12/site-packages/torch/distributed/fsdp/_fully_shard/_fsdp_param_group.py", line 268, in unshard
[rank3]:     self._all_gather_result = foreach_all_gather(
[rank3]:                               ^^^^^^^^^^^^^^^^^^^
[rank3]:   File "/home/ganesh/code/pantheon/.venv/lib/python3.12/site-packages/torch/utils/_contextlib.py", line 116, in decorate_context
[rank3]:     return func(*args, **kwargs)
[rank3]:            ^^^^^^^^^^^^^^^^^^^^^
[rank3]:   File "/home/ganesh/code/pantheon/.venv/lib/python3.12/site-packages/torch/distributed/fsdp/_fully_shard/_fsdp_collectives.py", line 174, in foreach_all_gather
[rank3]:     all_gather_work = dist.all_gather_into_tensor(
[rank3]:                       ^^^^^^^^^^^^^^^^^^^^^^^^^^^^
[rank3]:   File "/home/ganesh/code/pantheon/.venv/lib/python3.12/site-packages/torch/distributed/c10d_logger.py", line 81, in wrapper
[rank3]:     return func(*args, **kwargs)
[rank3]:            ^^^^^^^^^^^^^^^^^^^^^
[rank3]:   File "/home/ganesh/code/pantheon/.venv/lib/python3.12/site-packages/torch/distributed/distributed_c10d.py", line 3836, in all_gather_into_tensor
[rank3]:     work = group._allgather_base(output_tensor, input_tensor, opts)
[rank3]:            ^^^^^^^^^^^^^^^^^^^^^^^^^^^^^^^^^^^^^^^^^^^^^^^^^^^^^^^^
[rank3]: torch.distributed.DistBackendError: NCCL error in: /pytorch/torch/csrc/distributed/c10d/ProcessGroupNCCL.cpp:3353, unhandled cuda error (run with NCCL_DEBUG=INFO for details), NCCL version 2.26.2
[rank3]: ncclUnhandledCudaError: Call to CUDA function failed.
[rank3]: Last error:
[rank3]: Cuda failure 2 'out of memory'
[rank2]: Traceback (most recent call last):
[rank2]:   File "/home/ganesh/code/pantheon/src/pantheon/gpt2/scripts/train.py", line 63, in <module>
[rank2]:     trainer.train()
[rank2]:   File "/home/ganesh/code/pantheon/src/pantheon/gpt2/instrumentation/trainer.py", line 74, in train
[rank2]:     loss = self.train_step(
[rank2]:            ^^^^^^^^^^^^^^^^
[rank2]:   File "/home/ganesh/code/pantheon/src/pantheon/gpt2/core/train.py", line 47, in train_step
[rank2]:     logits = self.model(tokens)
[rank2]:              ^^^^^^^^^^^^^^^^^^
[rank2]:   File "/home/ganesh/code/pantheon/.venv/lib/python3.12/site-packages/torch/nn/modules/module.py", line 1751, in _wrapped_call_impl
[rank2]:     return self._call_impl(*args, **kwargs)
[rank2]:            ^^^^^^^^^^^^^^^^^^^^^^^^^^^^^^^^
[rank2]:   File "/home/ganesh/code/pantheon/.venv/lib/python3.12/site-packages/torch/nn/modules/module.py", line 1857, in _call_impl
[rank2]:     return inner()
[rank2]:            ^^^^^^^
[rank2]:   File "/home/ganesh/code/pantheon/.venv/lib/python3.12/site-packages/torch/nn/modules/module.py", line 1784, in inner
[rank2]:     args_kwargs_result = hook(self, args, kwargs)  # type: ignore[misc]
[rank2]:                          ^^^^^^^^^^^^^^^^^^^^^^^^
[rank2]:   File "/home/ganesh/code/pantheon/.venv/lib/python3.12/site-packages/torch/distributed/fsdp/_fully_shard/_fsdp_state.py", line 62, in fsdp_hook_wrapper
[rank2]:     return torch._dynamo.disable(func, recursive=True)(*args, **kwargs)
[rank2]:            ^^^^^^^^^^^^^^^^^^^^^^^^^^^^^^^^^^^^^^^^^^^^^^^^^^^^^^^^^^^^
[rank2]:   File "/home/ganesh/code/pantheon/.venv/lib/python3.12/site-packages/torch/_dynamo/eval_frame.py", line 838, in _fn
[rank2]:     return fn(*args, **kwargs)
[rank2]:            ^^^^^^^^^^^^^^^^^^^
[rank2]:   File "/home/ganesh/code/pantheon/.venv/lib/python3.12/site-packages/torch/distributed/fsdp/_fully_shard/_fsdp_state.py", line 230, in _pre_forward
[rank2]:     args, kwargs = self._fsdp_param_group.pre_forward(module, args, kwargs)
[rank2]:                    ^^^^^^^^^^^^^^^^^^^^^^^^^^^^^^^^^^^^^^^^^^^^^^^^^^^^^^^^
[rank2]:   File "/home/ganesh/code/pantheon/.venv/lib/python3.12/site-packages/torch/distributed/fsdp/_fully_shard/_fsdp_param_group.py", line 339, in pre_forward
[rank2]:     self.unshard(self.unshard_async_op)
[rank2]:   File "/home/ganesh/code/pantheon/.venv/lib/python3.12/site-packages/torch/distributed/fsdp/_fully_shard/_fsdp_param_group.py", line 268, in unshard
[rank2]:     self._all_gather_result = foreach_all_gather(
[rank2]:                               ^^^^^^^^^^^^^^^^^^^
[rank2]:   File "/home/ganesh/code/pantheon/.venv/lib/python3.12/site-packages/torch/utils/_contextlib.py", line 116, in decorate_context
[rank2]:     return func(*args, **kwargs)
[rank2]:            ^^^^^^^^^^^^^^^^^^^^^
[rank2]:   File "/home/ganesh/code/pantheon/.venv/lib/python3.12/site-packages/torch/distributed/fsdp/_fully_shard/_fsdp_collectives.py", line 174, in foreach_all_gather
[rank2]:     all_gather_work = dist.all_gather_into_tensor(
[rank2]:                       ^^^^^^^^^^^^^^^^^^^^^^^^^^^^
[rank2]:   File "/home/ganesh/code/pantheon/.venv/lib/python3.12/site-packages/torch/distributed/c10d_logger.py", line 81, in wrapper
[rank2]:     return func(*args, **kwargs)
[rank2]:            ^^^^^^^^^^^^^^^^^^^^^
[rank2]:   File "/home/ganesh/code/pantheon/.venv/lib/python3.12/site-packages/torch/distributed/distributed_c10d.py", line 3836, in all_gather_into_tensor
[rank2]:     work = group._allgather_base(output_tensor, input_tensor, opts)
[rank2]:            ^^^^^^^^^^^^^^^^^^^^^^^^^^^^^^^^^^^^^^^^^^^^^^^^^^^^^^^^
[rank2]: torch.distributed.DistBackendError: NCCL error in: /pytorch/torch/csrc/distributed/c10d/ProcessGroupNCCL.cpp:3353, unhandled cuda error (run with NCCL_DEBUG=INFO for details), NCCL version 2.26.2
[rank2]: ncclUnhandledCudaError: Call to CUDA function failed.
[rank2]: Last error:
[rank2]: Cuda failure 2 'out of memory'
ganesh-adversarial-network:1718880:1719044 [2] NCCL INFO [Proxy Service UDS] exit: stop 0 abortFlag 1
ganesh-adversarial-network:1718881:1719043 [3] NCCL INFO [Proxy Service UDS] exit: stop 0 abortFlag 1
ganesh-adversarial-network:1718881:1719072 [3] NCCL INFO socketProgressOpt: abort called
ganesh-adversarial-network:1718881:1719072 [3] NCCL INFO misc/socket.cc:64 -> 3
ganesh-adversarial-network:1718881:1719072 [3] NCCL INFO misc/socket.cc:80 -> 3
ganesh-adversarial-network:1718881:1719072 [3] NCCL INFO misc/socket.cc:829 -> 3
ganesh-adversarial-network:1718881:1719039 [3] NCCL INFO socketProgressOpt: abort called
ganesh-adversarial-network:1718881:1719039 [3] NCCL INFO misc/socket.cc:881 -> 3
ganesh-adversarial-network:1718881:1719072 [3] NCCL INFO comm 0x224c6ea0 rank 3 nranks 4 cudaDev 3 busId 43000 - Abort COMPLETE
ganesh-adversarial-network:1718880:1719074 [2] NCCL INFO socketProgressOpt: abort called
ganesh-adversarial-network:1718880:1719074 [2] NCCL INFO misc/socket.cc:64 -> 3
ganesh-adversarial-network:1718880:1719074 [2] NCCL INFO misc/socket.cc:80 -> 3
ganesh-adversarial-network:1718880:1719074 [2] NCCL INFO misc/socket.cc:829 -> 3
ganesh-adversarial-network:1718880:1719040 [2] NCCL INFO socketProgressOpt: abort called
ganesh-adversarial-network:1718880:1719040 [2] NCCL INFO misc/socket.cc:881 -> 3
ganesh-adversarial-network:1718880:1719074 [2] NCCL INFO comm 0x3fc4c590 rank 2 nranks 4 cudaDev 2 busId 42000 - Abort COMPLETE
ganesh-adversarial-network:1718881:1719036 [0] NCCL INFO RAS handling local termination request
ganesh-adversarial-network:1718881:1719036 [0] NCCL INFO RAS terminating a connection with 192.168.1.210<45165>
ganesh-adversarial-network:1718881:1719036 [0] NCCL INFO RAS terminating a connection with 192.168.1.210<45681>
ganesh-adversarial-network:1718880:1719037 [0] NCCL INFO RAS current socket connection with 192.168.1.210<45061> closed by peer on receive; terminating it
ganesh-adversarial-network:1718881:1719036 [0] NCCL INFO RAS thread terminating
ganesh-adversarial-network:1718878:1719030 [0] NCCL INFO RAS current socket connection with 192.168.1.210<45061> closed by peer on receive; terminating it
ganesh-adversarial-network:1718880:1719037 [0] NCCL INFO RAS handling local termination request
ganesh-adversarial-network:1718880:1719037 [0] NCCL INFO RAS terminating a connection with 192.168.1.210<45603>
ganesh-adversarial-network:1718880:1719037 [0] NCCL INFO RAS terminating a connection with 192.168.1.210<45061>
ganesh-adversarial-network:1718880:1719037 [0] NCCL INFO RAS thread terminating
ganesh-adversarial-network:1718879:1719035 [0] NCCL INFO RAS current socket connection with 192.168.1.210<45165> closed by peer on receive; terminating it
W0706 11:04:14.645000 1718845 torch/distributed/elastic/multiprocessing/api.py:900] Sending process 1718878 closing signal SIGTERM
W0706 11:04:14.648000 1718845 torch/distributed/elastic/multiprocessing/api.py:900] Sending process 1718879 closing signal SIGTERM
W0706 11:04:14.649000 1718845 torch/distributed/elastic/multiprocessing/api.py:900] Sending process 1718880 closing signal SIGTERM
E0706 11:04:14.864000 1718845 torch/distributed/elastic/multiprocessing/api.py:874] failed (exitcode: 1) local_rank: 3 (pid: 1718881) of binary: /home/ganesh/code/pantheon/.venv/bin/python3
Traceback (most recent call last):
  File "/home/ganesh/code/pantheon/.venv/bin/torchrun", line 10, in <module>
    sys.exit(main())
             ^^^^^^
  File "/home/ganesh/code/pantheon/.venv/lib/python3.12/site-packages/torch/distributed/elastic/multiprocessing/errors/__init__.py", line 355, in wrapper
    return f(*args, **kwargs)
           ^^^^^^^^^^^^^^^^^^
  File "/home/ganesh/code/pantheon/.venv/lib/python3.12/site-packages/torch/distributed/run.py", line 892, in main
    run(args)
  File "/home/ganesh/code/pantheon/.venv/lib/python3.12/site-packages/torch/distributed/run.py", line 883, in run
    elastic_launch(
  File "/home/ganesh/code/pantheon/.venv/lib/python3.12/site-packages/torch/distributed/launcher/api.py", line 139, in __call__
    return launch_agent(self._config, self._entrypoint, list(args))
           ^^^^^^^^^^^^^^^^^^^^^^^^^^^^^^^^^^^^^^^^^^^^^^^^^^^^^^^^
  File "/home/ganesh/code/pantheon/.venv/lib/python3.12/site-packages/torch/distributed/launcher/api.py", line 270, in launch_agent
    raise ChildFailedError(
torch.distributed.elastic.multiprocessing.errors.ChildFailedError: 
============================================================
scripts/train.py FAILED
------------------------------------------------------------
Failures:
  <NO_OTHER_FAILURES>
------------------------------------------------------------
Root Cause (first observed failure):
[0]:
  time      : 2025-07-06_11:04:14
  host      : ganesh-adversarial-network
  rank      : 3 (local_rank: 3)
  exitcode  : 1 (pid: 1718881)
  error_file: <N/A>
  traceback : To enable traceback see: https://pytorch.org/docs/stable/elastic/errors.html
============================================================
